<html>
<body>
<pre>
<h1>µVision Build Log</h1>
<h2>Project:</h2>
C:\Users\Dominik\Documents\STM projects\BlinkerLED\MDK-ARM\BlinkerLED.uvproj
Project File Date:  04/01/2021

<h2>Output:</h2>
Rebuild target 'BlinkerLED'
assembling startup_stm32f103xb.s...
compiling main.c...
compiling stm32f1xx_it.c...
compiling stm32f1xx_ll_gpio.c...
compiling stm32f1xx_ll_pwr.c...
compiling stm32f1xx_ll_exti.c...
compiling stm32f1xx_ll_rcc.c...
compiling stm32f1xx_ll_utils.c...
compiling system_stm32f1xx.c...
linking...
Program Size: Code=800 RO-data=268 RW-data=4 ZI-data=1028  
FromELF: creating hex file...
"BlinkerLED\BlinkerLED.axf" - 0 Error(s), 0 Warning(s).
Load "BlinkerLED\\BlinkerLED.axf" 
Erase Done.
Programming Done.
Verify OK.
</pre>
</body>
</html>
ED.axf" 
Erase Done.
Programming Done.
Verify OK.
